Opened USD file Successfully.

[PASS] Validate Geometry: All geometry prims are valid with proper transforms and bounds.
[PASS] Validate Shaders: All shaders and their connections are valid.
[PASS] Validate Layer Structure: Layer stack and all references are valid.
[PASS] Validate Variants: No variants found in the scene. That's acceptable.

Summary:
  Passed: 4
  Failed: 0

Congratulations, all tests were successful!
