Opened USD file Successfully.

[PASS] Validate Geometry: No geometry found in the scene, but that's not required.
[PASS] Validate Shaders: No shaders found in the scene, but that's acceptable.
[PASS] Validate Layer Structure: Layer stack and all references are valid.
[PASS] Validate Variants: All variants and their selections are valid.

Summary:
  Passed: 4
  Failed: 0

Congratulations, all tests were successful!
