Opened USD file Successfully.

[FAIL] Validate Geometry: Geometry validation failed with the following issues:
- Invalid extent bounds at: /Root/Geom/Cube

[PASS] Validate Shaders: All shaders and their connections are valid.
[FAIL] Validate Layer Structure: Layer structure validation failed with the following issues:
- Unresolved sublayer: missing_layer.usda

[PASS] Validate Variants: No variants found in the scene. That's acceptable.

Summary:
  Passed: 2
  Failed: 2

Some tests failed. Please review the USD file and address the failing tests.
